//
// This file was generated by the JavaTM Architecture for XML Binding(JAXB) Reference Implementation, vhudson-jaxb-ri-2.2-146 
// See <a href="http://java.sun.com/xml/jaxb">http://java.sun.com/xml/jaxb</a> 
// Any modifications to this file will be lost upon recompilation of the source schema. 
// 
//


package org.example.visitor;

import org.example.imported.ImportedData;
import org.example.imported.ImportedType;
import org.example.simple.ChoiceElement;
import org.example.simple.ComplexObject;
import org.example.simple.HasJAXBElement;
import org.example.simple.Problem;
import org.example.simple.Recursive;
import org.example.simple.TSimpleRequest;
import org.example.simple.TSimpleResponse;

public class DepthFirstTraverserImpl
    implements Traverser
{


    public void traverse(ImportedData aBean, Visitor aVisitor) {
        if (aBean.getImportedType()!= null) {
            aBean.getImportedType().accept(aVisitor);
        }
    }

    public void traverse(ImportedType aBean, Visitor aVisitor) {
        if (aBean.getMessage()!= null) {
            aBean.getMessage().accept(aVisitor);
        }
    }

    public void traverse(ImportedType.Message aBean, Visitor aVisitor) {
    }

    public void traverse(ChoiceElement aBean, Visitor aVisitor) {
        for (Object obj: aBean.getRequestOrResponseOrString()) {
            if (obj instanceof Visitable) {
                ((Visitable) obj).accept(aVisitor);
            }
        }
    }

    public void traverse(ComplexObject aBean, Visitor aVisitor) {
        for (TSimpleRequest bean: aBean.getSimpleRequest()) {
            bean.accept(aVisitor);
        }
        if (aBean.getSimpleResponse()!= null) {
            aBean.getSimpleResponse().accept(aVisitor);
        }
        if (aBean.getImportedData()!= null) {
            aBean.getImportedData().accept(aVisitor);
        }
        if (aBean.getLocalElement()!= null) {
            aBean.getLocalElement().accept(aVisitor);
        }
    }

    public void traverse(ComplexObject.LocalElement aBean, Visitor aVisitor) {
        if (aBean.getSimpleResponse()!= null) {
            aBean.getSimpleResponse().accept(aVisitor);
        }
        if (aBean.getMessage()!= null) {
            aBean.getMessage().accept(aVisitor);
        }
    }

    public void traverse(HasJAXBElement aBean, Visitor aVisitor) {
        if (aBean.getOptionalAndNillableRequest()!= null) {
            aBean.getOptionalAndNillableRequest().getValue().accept(aVisitor);
        }
    }

    public void traverse(Problem aBean, Visitor aVisitor) {
    }

    public void traverse(Recursive aBean, Visitor aVisitor) {
        if (aBean.getRecursive()!= null) {
            aBean.getRecursive().accept(aVisitor);
        }
    }

    public void traverse(TSimpleRequest aBean, Visitor aVisitor) {
    }

    public void traverse(TSimpleResponse aBean, Visitor aVisitor) {
    }

}
