//
// This file was generated by the JavaTM Architecture for XML Binding(JAXB) Reference Implementation, vhudson-jaxb-ri-2.2-146 
// See <a href="http://java.sun.com/xml/jaxb">http://java.sun.com/xml/jaxb</a> 
// Any modifications to this file will be lost upon recompilation of the source schema. 
// 
//


package org.example.visitor;

import org.example.imported.ImportedData;
import org.example.imported.ImportedType;
import org.example.simple.ChoiceElement;
import org.example.simple.ComplexObject;
import org.example.simple.HasJAXBElement;
import org.example.simple.Problem;
import org.example.simple.Recursive;
import org.example.simple.TSimpleRequest;
import org.example.simple.TSimpleResponse;

public class TraversingVisitor
    implements Visitor
{

    private boolean traverseFirst;
    private Visitor visitor;
    private Traverser traverser;
    private TraversingVisitorProgressMonitor progressMonitor;

    public TraversingVisitor(Traverser aTraverser, Visitor aVisitor) {
        traverser = aTraverser;
        visitor = aVisitor;
    }

    public boolean getTraverseFirst() {
        return traverseFirst;
    }

    public void setTraverseFirst(boolean aVisitor) {
        traverseFirst = aVisitor;
    }

    public Visitor getVisitor() {
        return visitor;
    }

    public void setVisitor(Visitor aVisitor) {
        visitor = aVisitor;
    }

    public Traverser getTraverser() {
        return traverser;
    }

    public void setTraverser(Traverser aVisitor) {
        traverser = aVisitor;
    }

    public TraversingVisitorProgressMonitor getProgressMonitor() {
        return progressMonitor;
    }

    public void setProgressMonitor(TraversingVisitorProgressMonitor aVisitor) {
        progressMonitor = aVisitor;
    }

    public void visit(ImportedData aBean) {
        if (traverseFirst == true) {
            getTraverser().traverse(aBean, this);
            if (progressMonitor!= null) {
                progressMonitor.traversed(aBean);
            }
        }
        aBean.accept(getVisitor());
        if (progressMonitor!= null) {
            progressMonitor.visited(aBean);
        }
        if (traverseFirst == false) {
            getTraverser().traverse(aBean, this);
            if (progressMonitor!= null) {
                progressMonitor.traversed(aBean);
            }
        }
    }

    public void visit(ImportedType aBean) {
        if (traverseFirst == true) {
            getTraverser().traverse(aBean, this);
            if (progressMonitor!= null) {
                progressMonitor.traversed(aBean);
            }
        }
        aBean.accept(getVisitor());
        if (progressMonitor!= null) {
            progressMonitor.visited(aBean);
        }
        if (traverseFirst == false) {
            getTraverser().traverse(aBean, this);
            if (progressMonitor!= null) {
                progressMonitor.traversed(aBean);
            }
        }
    }

    public void visit(ImportedType.Message aBean) {
        if (traverseFirst == true) {
            getTraverser().traverse(aBean, this);
            if (progressMonitor!= null) {
                progressMonitor.traversed(aBean);
            }
        }
        aBean.accept(getVisitor());
        if (progressMonitor!= null) {
            progressMonitor.visited(aBean);
        }
        if (traverseFirst == false) {
            getTraverser().traverse(aBean, this);
            if (progressMonitor!= null) {
                progressMonitor.traversed(aBean);
            }
        }
    }

    public void visit(ChoiceElement aBean) {
        if (traverseFirst == true) {
            getTraverser().traverse(aBean, this);
            if (progressMonitor!= null) {
                progressMonitor.traversed(aBean);
            }
        }
        aBean.accept(getVisitor());
        if (progressMonitor!= null) {
            progressMonitor.visited(aBean);
        }
        if (traverseFirst == false) {
            getTraverser().traverse(aBean, this);
            if (progressMonitor!= null) {
                progressMonitor.traversed(aBean);
            }
        }
    }

    public void visit(ComplexObject aBean) {
        if (traverseFirst == true) {
            getTraverser().traverse(aBean, this);
            if (progressMonitor!= null) {
                progressMonitor.traversed(aBean);
            }
        }
        aBean.accept(getVisitor());
        if (progressMonitor!= null) {
            progressMonitor.visited(aBean);
        }
        if (traverseFirst == false) {
            getTraverser().traverse(aBean, this);
            if (progressMonitor!= null) {
                progressMonitor.traversed(aBean);
            }
        }
    }

    public void visit(ComplexObject.LocalElement aBean) {
        if (traverseFirst == true) {
            getTraverser().traverse(aBean, this);
            if (progressMonitor!= null) {
                progressMonitor.traversed(aBean);
            }
        }
        aBean.accept(getVisitor());
        if (progressMonitor!= null) {
            progressMonitor.visited(aBean);
        }
        if (traverseFirst == false) {
            getTraverser().traverse(aBean, this);
            if (progressMonitor!= null) {
                progressMonitor.traversed(aBean);
            }
        }
    }

    public void visit(HasJAXBElement aBean) {
        if (traverseFirst == true) {
            getTraverser().traverse(aBean, this);
            if (progressMonitor!= null) {
                progressMonitor.traversed(aBean);
            }
        }
        aBean.accept(getVisitor());
        if (progressMonitor!= null) {
            progressMonitor.visited(aBean);
        }
        if (traverseFirst == false) {
            getTraverser().traverse(aBean, this);
            if (progressMonitor!= null) {
                progressMonitor.traversed(aBean);
            }
        }
    }

    public void visit(Problem aBean) {
        if (traverseFirst == true) {
            getTraverser().traverse(aBean, this);
            if (progressMonitor!= null) {
                progressMonitor.traversed(aBean);
            }
        }
        aBean.accept(getVisitor());
        if (progressMonitor!= null) {
            progressMonitor.visited(aBean);
        }
        if (traverseFirst == false) {
            getTraverser().traverse(aBean, this);
            if (progressMonitor!= null) {
                progressMonitor.traversed(aBean);
            }
        }
    }

    public void visit(Recursive aBean) {
        if (traverseFirst == true) {
            getTraverser().traverse(aBean, this);
            if (progressMonitor!= null) {
                progressMonitor.traversed(aBean);
            }
        }
        aBean.accept(getVisitor());
        if (progressMonitor!= null) {
            progressMonitor.visited(aBean);
        }
        if (traverseFirst == false) {
            getTraverser().traverse(aBean, this);
            if (progressMonitor!= null) {
                progressMonitor.traversed(aBean);
            }
        }
    }

    public void visit(TSimpleRequest aBean) {
        if (traverseFirst == true) {
            getTraverser().traverse(aBean, this);
            if (progressMonitor!= null) {
                progressMonitor.traversed(aBean);
            }
        }
        aBean.accept(getVisitor());
        if (progressMonitor!= null) {
            progressMonitor.visited(aBean);
        }
        if (traverseFirst == false) {
            getTraverser().traverse(aBean, this);
            if (progressMonitor!= null) {
                progressMonitor.traversed(aBean);
            }
        }
    }

    public void visit(TSimpleResponse aBean) {
        if (traverseFirst == true) {
            getTraverser().traverse(aBean, this);
            if (progressMonitor!= null) {
                progressMonitor.traversed(aBean);
            }
        }
        aBean.accept(getVisitor());
        if (progressMonitor!= null) {
            progressMonitor.visited(aBean);
        }
        if (traverseFirst == false) {
            getTraverser().traverse(aBean, this);
            if (progressMonitor!= null) {
                progressMonitor.traversed(aBean);
            }
        }
    }

}
