//
// This file was generated by the JavaTM Architecture for XML Binding(JAXB) Reference Implementation, vhudson-jaxb-ri-2.2-146 
// See <a href="http://java.sun.com/xml/jaxb">http://java.sun.com/xml/jaxb</a> 
// Any modifications to this file will be lost upon recompilation of the source schema. 
// Generated on: 2010.12.26 at 11:49:47 AM EST 
//


package org.example.visitor;


public interface TraversingVisitorProgressMonitor {


    public void visited(Visitable aVisitable);

    public void traversed(Visitable aVisitable);

}
