//
// This file was generated by the JavaTM Architecture for XML Binding(JAXB) Reference Implementation, vhudson-jaxb-ri-2.2-146 
// See <a href="http://java.sun.com/xml/jaxb">http://java.sun.com/xml/jaxb</a> 
// Any modifications to this file will be lost upon recompilation of the source schema. 
// 
//


package org.example.visitor;

import org.example.imported.ImportedData;
import org.example.imported.ImportedType;
import org.example.simple.ChoiceElement;
import org.example.simple.ComplexObject;
import org.example.simple.HasJAXBElement;
import org.example.simple.Problem;
import org.example.simple.Recursive;
import org.example.simple.TSimpleRequest;
import org.example.simple.TSimpleResponse;

public interface Traverser {


    public void traverse(ImportedData aBean, Visitor aVisitor);

    public void traverse(ImportedType aBean, Visitor aVisitor);

    public void traverse(ImportedType.Message aBean, Visitor aVisitor);

    public void traverse(ChoiceElement aBean, Visitor aVisitor);

    public void traverse(ComplexObject aBean, Visitor aVisitor);

    public void traverse(ComplexObject.LocalElement aBean, Visitor aVisitor);

    public void traverse(HasJAXBElement aBean, Visitor aVisitor);

    public void traverse(Problem aBean, Visitor aVisitor);

    public void traverse(Recursive aBean, Visitor aVisitor);

    public void traverse(TSimpleRequest aBean, Visitor aVisitor);

    public void traverse(TSimpleResponse aBean, Visitor aVisitor);

}
