//
// This file was generated by the JavaTM Architecture for XML Binding(JAXB) Reference Implementation, vhudson-jaxb-ri-2.2-146 
// See <a href="http://java.sun.com/xml/jaxb">http://java.sun.com/xml/jaxb</a> 
// Any modifications to this file will be lost upon recompilation of the source schema. 
// Generated on: 2010.06.12 at 12:11:07 PM EDT 
//


package org.example.visitor;


public interface Visitable {


    public void accept(Visitor aVisitor);

    public<T >T accept(Transformer<T> aTransformer);

}
